This file contains any messages produced by compilers while
running configure, to aid debugging if configure makes a mistake.

It was created by gifsicle configure 1.92, which was
generated by GNU Autoconf 2.69.  Invocation command line was

  $ ./configure 

## --------- ##
## Platform. ##
## --------- ##

hostname = coenv-pub1.s.uw.edu
uname -m = x86_64
uname -r = 2.6.32-642.1.1.el6.x86_64
uname -s = Linux
uname -v = #1 SMP Tue May 31 21:57:07 UTC 2016

/usr/bin/uname -p = unknown
/bin/uname -X     = unknown

/bin/arch              = x86_64
/usr/bin/arch -k       = unknown
/usr/convex/getsysinfo = unknown
/usr/bin/hostinfo      = unknown
/bin/machine           = unknown
/usr/bin/oslevel       = unknown
/bin/universe          = unknown

PATH: /usr/lib64/qt-3.3/bin
PATH: /usr/kerberos/sbin
PATH: /usr/kerberos/bin
PATH: /usr/local/bin
PATH: /bin
PATH: /usr/bin
PATH: /usr/local/sbin
PATH: /usr/sbin
PATH: /sbin


## ----------- ##
## Core tests. ##
## ----------- ##

configure:2458: checking for a BSD-compatible install
configure:2526: result: /usr/bin/install -c
configure:2537: checking whether build environment is sane
configure:2592: result: yes
configure:2743: checking for a thread-safe mkdir -p
configure:2782: result: /bin/mkdir -p
configure:2789: checking for gawk
configure:2805: found /bin/gawk
configure:2816: result: gawk
configure:2827: checking whether make sets $(MAKE)
configure:2849: result: yes
configure:2878: checking whether make supports nested variables
configure:2895: result: yes
configure:3023: checking whether make sets $(MAKE)
configure:3045: result: yes
configure:3102: checking for gcc
configure:3118: found /usr/bin/gcc
configure:3129: result: gcc
configure:3358: checking for C compiler version
configure:3367: gcc --version >&5
gcc (GCC) 4.4.7 20120313 (Red Hat 4.4.7-23)
Copyright (C) 2010 Free Software Foundation, Inc.
This is free software; see the source for copying conditions.  There is NO
warranty; not even for MERCHANTABILITY or FITNESS FOR A PARTICULAR PURPOSE.

configure:3378: $? = 0
configure:3367: gcc -v >&5
Using built-in specs.
Target: x86_64-redhat-linux
Configured with: ../configure --prefix=/usr --mandir=/usr/share/man --infodir=/usr/share/info --with-bugurl=http://bugzilla.redhat.com/bugzilla --enable-bootstrap --enable-shared --enable-threads=posix --enable-checking=release --with-system-zlib --enable-__cxa_atexit --disable-libunwind-exceptions --enable-gnu-unique-object --enable-languages=c,c++,objc,obj-c++,java,fortran,ada --enable-java-awt=gtk --disable-dssi --with-java-home=/usr/lib/jvm/java-1.5.0-gcj-1.5.0.0/jre --enable-libgcj-multifile --enable-java-maintainer-mode --with-ecj-jar=/usr/share/java/eclipse-ecj.jar --disable-libjava-multilib --with-ppl --with-cloog --with-tune=generic --with-arch_32=i686 --build=x86_64-redhat-linux
Thread model: posix
gcc version 4.4.7 20120313 (Red Hat 4.4.7-23) (GCC) 
configure:3378: $? = 0
configure:3367: gcc -V >&5
gcc: '-V' option must have argument
configure:3378: $? = 1
configure:3367: gcc -qversion >&5
gcc: unrecognized option '-qversion'
gcc: no input files
configure:3378: $? = 1
configure:3398: checking whether the C compiler works
configure:3420: gcc    conftest.c  >&5
configure:3424: $? = 0
configure:3472: result: yes
configure:3475: checking for C compiler default output file name
configure:3477: result: a.out
configure:3483: checking for suffix of executables
configure:3490: gcc -o conftest    conftest.c  >&5
configure:3494: $? = 0
configure:3516: result: 
configure:3538: checking whether we are cross compiling
configure:3546: gcc -o conftest    conftest.c  >&5
configure:3550: $? = 0
configure:3557: ./conftest
configure:3561: $? = 0
configure:3576: result: no
configure:3581: checking for suffix of object files
configure:3603: gcc -c   conftest.c >&5
configure:3607: $? = 0
configure:3628: result: o
configure:3632: checking whether we are using the GNU C compiler
configure:3651: gcc -c   conftest.c >&5
configure:3651: $? = 0
configure:3660: result: yes
configure:3669: checking whether gcc accepts -g
configure:3689: gcc -c -g  conftest.c >&5
configure:3689: $? = 0
configure:3730: result: yes
configure:3747: checking for gcc option to accept ISO C89
configure:3810: gcc  -c -g -O2  conftest.c >&5
configure:3810: $? = 0
configure:3823: result: none needed
configure:3848: checking whether gcc understands -c and -o together
configure:3870: gcc -c conftest.c -o conftest2.o
configure:3873: $? = 0
configure:3870: gcc -c conftest.c -o conftest2.o
configure:3873: $? = 0
configure:3885: result: yes
configure:3905: checking whether make supports the include directive
configure:3920: make -f confmf.GNU && cat confinc.out
this is the am__doit target
configure:3923: $? = 0
configure:3942: result: yes (GNU style)
configure:3967: checking dependency style of gcc
configure:4078: result: gcc3
configure:4098: checking how to run the C preprocessor
configure:4129: gcc -E  conftest.c
configure:4129: $? = 0
configure:4143: gcc -E  conftest.c
conftest.c:11:28: error: ac_nonexistent.h: No such file or directory
configure:4143: $? = 1
configure: failed program was:
| /* confdefs.h */
| #define PACKAGE_NAME "gifsicle"
| #define PACKAGE_TARNAME "gifsicle"
| #define PACKAGE_VERSION "1.92"
| #define PACKAGE_STRING "gifsicle 1.92"
| #define PACKAGE_BUGREPORT ""
| #define PACKAGE_URL ""
| #define PACKAGE "gifsicle"
| #define VERSION "1.92"
| /* end confdefs.h.  */
| #include <ac_nonexistent.h>
configure:4168: result: gcc -E
configure:4188: gcc -E  conftest.c
configure:4188: $? = 0
configure:4202: gcc -E  conftest.c
conftest.c:11:28: error: ac_nonexistent.h: No such file or directory
configure:4202: $? = 1
configure: failed program was:
| /* confdefs.h */
| #define PACKAGE_NAME "gifsicle"
| #define PACKAGE_TARNAME "gifsicle"
| #define PACKAGE_VERSION "1.92"
| #define PACKAGE_STRING "gifsicle 1.92"
| #define PACKAGE_BUGREPORT ""
| #define PACKAGE_URL ""
| #define PACKAGE "gifsicle"
| #define VERSION "1.92"
| /* end confdefs.h.  */
| #include <ac_nonexistent.h>
configure:4231: checking for an ANSI C-conforming const
configure:4297: gcc -c -g -O2  conftest.c >&5
configure:4297: $? = 0
configure:4304: result: yes
configure:4312: checking for inline
configure:4328: gcc -c -g -O2  conftest.c >&5
configure:4328: $? = 0
configure:4336: result: inline
configure:4409: checking for X
configure:4517: gcc -E  conftest.c
configure:4517: $? = 0
configure:4548: gcc -W -Wall -o conftest -g -O2   conftest.c -lX11  >&5
configure:4548: $? = 0
configure:4598: result: libraries , headers 
configure:4697: gcc -W -Wall -o conftest -g -O2   conftest.c   -lX11 >&5
configure:4697: $? = 0
configure:4795: checking for gethostbyname
configure:4795: gcc -W -Wall -o conftest -g -O2   conftest.c  >&5
configure:4795: $? = 0
configure:4795: result: yes
configure:4892: checking for connect
configure:4892: gcc -W -Wall -o conftest -g -O2   conftest.c  >&5
configure:4892: $? = 0
configure:4892: result: yes
configure:4941: checking for remove
configure:4941: gcc -W -Wall -o conftest -g -O2   conftest.c  >&5
configure:4941: $? = 0
configure:4941: result: yes
configure:4990: checking for shmat
configure:4990: gcc -W -Wall -o conftest -g -O2   conftest.c  >&5
configure:4990: $? = 0
configure:4990: result: yes
configure:5048: checking for IceConnectionNumber in -lICE
configure:5073: gcc -W -Wall -o conftest -g -O2   conftest.c -lICE   >&5
configure:5073: $? = 0
configure:5082: result: yes
configure:5112: checking for grep that handles long lines and -e
configure:5170: result: /bin/grep
configure:5175: checking for egrep
configure:5237: result: /bin/grep -E
configure:5242: checking for ANSI C header files
configure:5262: gcc -W -Wall -c -g -O2  conftest.c >&5
configure:5262: $? = 0
configure:5335: gcc -W -Wall -o conftest -g -O2   conftest.c  >&5
configure:5335: $? = 0
configure:5335: ./conftest
configure:5335: $? = 0
configure:5346: result: yes
configure:5359: checking for sys/types.h
configure:5359: gcc -W -Wall -c -g -O2  conftest.c >&5
configure:5359: $? = 0
configure:5359: result: yes
configure:5359: checking for sys/stat.h
configure:5359: gcc -W -Wall -c -g -O2  conftest.c >&5
configure:5359: $? = 0
configure:5359: result: yes
configure:5359: checking for stdlib.h
configure:5359: gcc -W -Wall -c -g -O2  conftest.c >&5
configure:5359: $? = 0
configure:5359: result: yes
configure:5359: checking for string.h
configure:5359: gcc -W -Wall -c -g -O2  conftest.c >&5
configure:5359: $? = 0
configure:5359: result: yes
configure:5359: checking for memory.h
configure:5359: gcc -W -Wall -c -g -O2  conftest.c >&5
configure:5359: $? = 0
configure:5359: result: yes
configure:5359: checking for strings.h
configure:5359: gcc -W -Wall -c -g -O2  conftest.c >&5
configure:5359: $? = 0
configure:5359: result: yes
configure:5359: checking for inttypes.h
configure:5359: gcc -W -Wall -c -g -O2  conftest.c >&5
configure:5359: $? = 0
configure:5359: result: yes
configure:5359: checking for stdint.h
configure:5359: gcc -W -Wall -c -g -O2  conftest.c >&5
configure:5359: $? = 0
configure:5359: result: yes
configure:5359: checking for unistd.h
configure:5359: gcc -W -Wall -c -g -O2  conftest.c >&5
configure:5359: $? = 0
configure:5359: result: yes
configure:5374: checking time.h usability
configure:5374: gcc -W -Wall -c -g -O2  conftest.c >&5
configure:5374: $? = 0
configure:5374: result: yes
configure:5374: checking time.h presence
configure:5374: gcc -E  conftest.c
configure:5374: $? = 0
configure:5374: result: yes
configure:5374: checking for time.h
configure:5374: result: yes
configure:5374: checking sys/time.h usability
configure:5374: gcc -W -Wall -c -g -O2  conftest.c >&5
configure:5374: $? = 0
configure:5374: result: yes
configure:5374: checking sys/time.h presence
configure:5374: gcc -E  conftest.c
configure:5374: $? = 0
configure:5374: result: yes
configure:5374: checking for sys/time.h
configure:5374: result: yes
configure:5384: checking for gettimeofday prototype
configure:5401: gcc -W -Wall -c -g -O2  conftest.c >&5
conftest.c: In function 'main':
conftest.c:28: warning: null argument where non-null required (argument 1)
configure:5401: $? = 0
configure:5425: result: 2
configure:5465: checking for random
configure:5465: gcc -W -Wall -o conftest -g -O2   conftest.c  >&5
configure:5465: $? = 0
configure:5465: result: yes
configure:5478: checking for strerror
configure:5478: gcc -W -Wall -o conftest -g -O2   conftest.c  >&5
configure:5478: $? = 0
configure:5478: result: yes
configure:5495: checking for strtoul
configure:5495: gcc -W -Wall -o conftest -g -O2   conftest.c  >&5
configure:5495: $? = 0
configure:5495: result: yes
configure:5495: checking for mkstemp
configure:5495: gcc -W -Wall -o conftest -g -O2   conftest.c  >&5
configure:5495: $? = 0
configure:5495: result: yes
configure:5504: checking for library containing pow
configure:5535: gcc -W -Wall -o conftest -g -O2   conftest.c  >&5
conftest.c:35: warning: conflicting types for built-in function 'pow'
/tmp/ccazx82l.o: In function `main':
/www/cms.coenv.uw.edu/wp-content/ewww/gifsicle-1.92/conftest.c:39: undefined reference to `pow'
collect2: ld returned 1 exit status
configure:5535: $? = 1
configure: failed program was:
| /* confdefs.h */
| #define PACKAGE_NAME "gifsicle"
| #define PACKAGE_TARNAME "gifsicle"
| #define PACKAGE_VERSION "1.92"
| #define PACKAGE_STRING "gifsicle 1.92"
| #define PACKAGE_BUGREPORT ""
| #define PACKAGE_URL ""
| #define PACKAGE "gifsicle"
| #define VERSION "1.92"
| #define STDC_HEADERS 1
| #define HAVE_SYS_TYPES_H 1
| #define HAVE_SYS_STAT_H 1
| #define HAVE_STDLIB_H 1
| #define HAVE_STRING_H 1
| #define HAVE_MEMORY_H 1
| #define HAVE_STRINGS_H 1
| #define HAVE_INTTYPES_H 1
| #define HAVE_STDINT_H 1
| #define HAVE_UNISTD_H 1
| #define HAVE_TIME_H 1
| #define HAVE_SYS_TIME_H 1
| #define GETTIMEOFDAY_PROTO 2
| #define RANDOM random
| #define HAVE_STRERROR 1
| #define HAVE_STRTOUL 1
| #define HAVE_MKSTEMP 1
| /* end confdefs.h.  */
| 
| /* Override any GCC internal prototype to avoid an error.
|    Use char because int might match the return type of a GCC
|    builtin and then its argument prototype would still apply.  */
| #ifdef __cplusplus
| extern "C"
| #endif
| char pow ();
| int
| main ()
| {
| return pow ();
|   ;
|   return 0;
| }
configure:5535: gcc -W -Wall -o conftest -g -O2   conftest.c -lm   >&5
conftest.c:35: warning: conflicting types for built-in function 'pow'
configure:5535: $? = 0
configure:5552: result: -lm
configure:5566: checking sys/select.h usability
configure:5566: gcc -W -Wall -c -g -O2  conftest.c >&5
configure:5566: $? = 0
configure:5566: result: yes
configure:5566: checking sys/select.h presence
configure:5566: gcc -E  conftest.c
configure:5566: $? = 0
configure:5566: result: yes
configure:5566: checking for sys/select.h
configure:5566: result: yes
configure:5566: checking for sys/stat.h
configure:5566: result: yes
configure:5566: checking for inttypes.h
configure:5566: result: yes
configure:5566: checking for unistd.h
configure:5566: result: yes
configure:5581: checking for inttypes.h
configure:5581: result: yes
configure:5595: checking for sys/types.h
configure:5595: result: yes
configure:5662: checking for uintptr_t
configure:5662: gcc -W -Wall -c -g -O2  conftest.c >&5
configure:5662: $? = 0
configure:5662: gcc -W -Wall -c -g -O2  conftest.c >&5
conftest.c: In function 'main':
conftest.c:46: error: expected expression before ')' token
configure:5662: $? = 1
configure: failed program was:
| /* confdefs.h */
| #define PACKAGE_NAME "gifsicle"
| #define PACKAGE_TARNAME "gifsicle"
| #define PACKAGE_VERSION "1.92"
| #define PACKAGE_STRING "gifsicle 1.92"
| #define PACKAGE_BUGREPORT ""
| #define PACKAGE_URL ""
| #define PACKAGE "gifsicle"
| #define VERSION "1.92"
| #define STDC_HEADERS 1
| #define HAVE_SYS_TYPES_H 1
| #define HAVE_SYS_STAT_H 1
| #define HAVE_STDLIB_H 1
| #define HAVE_STRING_H 1
| #define HAVE_MEMORY_H 1
| #define HAVE_STRINGS_H 1
| #define HAVE_INTTYPES_H 1
| #define HAVE_STDINT_H 1
| #define HAVE_UNISTD_H 1
| #define HAVE_TIME_H 1
| #define HAVE_SYS_TIME_H 1
| #define GETTIMEOFDAY_PROTO 2
| #define RANDOM random
| #define HAVE_STRERROR 1
| #define HAVE_STRTOUL 1
| #define HAVE_MKSTEMP 1
| #define HAVE_POW 1
| #define HAVE_SYS_SELECT_H 1
| #define HAVE_SYS_STAT_H 1
| #define HAVE_INTTYPES_H 1
| #define HAVE_UNISTD_H 1
| #define HAVE_INTTYPES_H 1
| #define HAVE_SYS_TYPES_H 1
| /* end confdefs.h.  */
| #if HAVE_INTTYPES_H
| # include <inttypes.h>
| #endif
| #if HAVE_SYS_TYPES_H
| # include <sys/types.h>
| #endif
| 
| 
| int
| main ()
| {
| if (sizeof ((uintptr_t)))
| 	    return 0;
|   ;
|   return 0;
| }
configure:5662: result: yes
configure:5678: checking for int64_t
configure:5678: gcc -W -Wall -c -g -O2  conftest.c >&5
configure:5678: $? = 0
configure:5678: gcc -W -Wall -c -g -O2  conftest.c >&5
conftest.c: In function 'main':
conftest.c:47: error: expected expression before ')' token
configure:5678: $? = 1
configure: failed program was:
| /* confdefs.h */
| #define PACKAGE_NAME "gifsicle"
| #define PACKAGE_TARNAME "gifsicle"
| #define PACKAGE_VERSION "1.92"
| #define PACKAGE_STRING "gifsicle 1.92"
| #define PACKAGE_BUGREPORT ""
| #define PACKAGE_URL ""
| #define PACKAGE "gifsicle"
| #define VERSION "1.92"
| #define STDC_HEADERS 1
| #define HAVE_SYS_TYPES_H 1
| #define HAVE_SYS_STAT_H 1
| #define HAVE_STDLIB_H 1
| #define HAVE_STRING_H 1
| #define HAVE_MEMORY_H 1
| #define HAVE_STRINGS_H 1
| #define HAVE_INTTYPES_H 1
| #define HAVE_STDINT_H 1
| #define HAVE_UNISTD_H 1
| #define HAVE_TIME_H 1
| #define HAVE_SYS_TIME_H 1
| #define GETTIMEOFDAY_PROTO 2
| #define RANDOM random
| #define HAVE_STRERROR 1
| #define HAVE_STRTOUL 1
| #define HAVE_MKSTEMP 1
| #define HAVE_POW 1
| #define HAVE_SYS_SELECT_H 1
| #define HAVE_SYS_STAT_H 1
| #define HAVE_INTTYPES_H 1
| #define HAVE_UNISTD_H 1
| #define HAVE_INTTYPES_H 1
| #define HAVE_SYS_TYPES_H 1
| #define HAVE_UINTPTR_T 1
| /* end confdefs.h.  */
| #if HAVE_INTTYPES_H
| # include <inttypes.h>
| #endif
| #if HAVE_SYS_TYPES_H
| # include <sys/types.h>
| #endif
| 
| 
| int
| main ()
| {
| if (sizeof ((int64_t)))
| 	    return 0;
|   ;
|   return 0;
| }
configure:5678: result: yes
configure:5694: checking for uint64_t
configure:5694: gcc -W -Wall -c -g -O2  conftest.c >&5
configure:5694: $? = 0
configure:5694: gcc -W -Wall -c -g -O2  conftest.c >&5
conftest.c: In function 'main':
conftest.c:48: error: expected expression before ')' token
configure:5694: $? = 1
configure: failed program was:
| /* confdefs.h */
| #define PACKAGE_NAME "gifsicle"
| #define PACKAGE_TARNAME "gifsicle"
| #define PACKAGE_VERSION "1.92"
| #define PACKAGE_STRING "gifsicle 1.92"
| #define PACKAGE_BUGREPORT ""
| #define PACKAGE_URL ""
| #define PACKAGE "gifsicle"
| #define VERSION "1.92"
| #define STDC_HEADERS 1
| #define HAVE_SYS_TYPES_H 1
| #define HAVE_SYS_STAT_H 1
| #define HAVE_STDLIB_H 1
| #define HAVE_STRING_H 1
| #define HAVE_MEMORY_H 1
| #define HAVE_STRINGS_H 1
| #define HAVE_INTTYPES_H 1
| #define HAVE_STDINT_H 1
| #define HAVE_UNISTD_H 1
| #define HAVE_TIME_H 1
| #define HAVE_SYS_TIME_H 1
| #define GETTIMEOFDAY_PROTO 2
| #define RANDOM random
| #define HAVE_STRERROR 1
| #define HAVE_STRTOUL 1
| #define HAVE_MKSTEMP 1
| #define HAVE_POW 1
| #define HAVE_SYS_SELECT_H 1
| #define HAVE_SYS_STAT_H 1
| #define HAVE_INTTYPES_H 1
| #define HAVE_UNISTD_H 1
| #define HAVE_INTTYPES_H 1
| #define HAVE_SYS_TYPES_H 1
| #define HAVE_UINTPTR_T 1
| #define HAVE_INT64_T 1
| /* end confdefs.h.  */
| #if HAVE_INTTYPES_H
| # include <inttypes.h>
| #endif
| #if HAVE_SYS_TYPES_H
| # include <sys/types.h>
| #endif
| 
| 
| int
| main ()
| {
| if (sizeof ((uint64_t)))
| 	    return 0;
|   ;
|   return 0;
| }
configure:5694: result: yes
configure:5716: checking size of float
configure:5721: gcc -W -Wall -o conftest -g -O2   conftest.c -lm  >&5
configure:5721: $? = 0
configure:5721: ./conftest
configure:5721: $? = 0
configure:5735: result: 4
configure:5749: checking size of unsigned int
configure:5754: gcc -W -Wall -o conftest -g -O2   conftest.c -lm  >&5
configure:5754: $? = 0
configure:5754: ./conftest
configure:5754: $? = 0
configure:5768: result: 4
configure:5782: checking size of unsigned long
configure:5787: gcc -W -Wall -o conftest -g -O2   conftest.c -lm  >&5
configure:5787: $? = 0
configure:5787: ./conftest
configure:5787: $? = 0
configure:5801: result: 8
configure:5815: checking size of void *
configure:5820: gcc -W -Wall -o conftest -g -O2   conftest.c -lm  >&5
configure:5820: $? = 0
configure:5820: ./conftest
configure:5820: $? = 0
configure:5834: result: 8
configure:5847: checking for usable vector_size vector types
configure:5864: gcc -W -Wall -c -g -O2  conftest.c >&5
conftest.c: In function 'main':
conftest.c:80: error: subscripted value is neither array nor pointer
conftest.c:80: error: subscripted value is neither array nor pointer
conftest.c:80: error: subscripted value is neither array nor pointer
conftest.c:80: error: subscripted value is neither array nor pointer
conftest.c:81: error: can't convert value to a vector
conftest.c:82: error: subscripted value is neither array nor pointer
configure:5864: $? = 1
configure: failed program was:
| /* confdefs.h */
| #define PACKAGE_NAME "gifsicle"
| #define PACKAGE_TARNAME "gifsicle"
| #define PACKAGE_VERSION "1.92"
| #define PACKAGE_STRING "gifsicle 1.92"
| #define PACKAGE_BUGREPORT ""
| #define PACKAGE_URL ""
| #define PACKAGE "gifsicle"
| #define VERSION "1.92"
| #define STDC_HEADERS 1
| #define HAVE_SYS_TYPES_H 1
| #define HAVE_SYS_STAT_H 1
| #define HAVE_STDLIB_H 1
| #define HAVE_STRING_H 1
| #define HAVE_MEMORY_H 1
| #define HAVE_STRINGS_H 1
| #define HAVE_INTTYPES_H 1
| #define HAVE_STDINT_H 1
| #define HAVE_UNISTD_H 1
| #define HAVE_TIME_H 1
| #define HAVE_SYS_TIME_H 1
| #define GETTIMEOFDAY_PROTO 2
| #define RANDOM random
| #define HAVE_STRERROR 1
| #define HAVE_STRTOUL 1
| #define HAVE_MKSTEMP 1
| #define HAVE_POW 1
| #define HAVE_SYS_SELECT_H 1
| #define HAVE_SYS_STAT_H 1
| #define HAVE_INTTYPES_H 1
| #define HAVE_UNISTD_H 1
| #define HAVE_INTTYPES_H 1
| #define HAVE_SYS_TYPES_H 1
| #define HAVE_UINTPTR_T 1
| #define HAVE_INT64_T 1
| #define HAVE_UINT64_T 1
| #define SIZEOF_FLOAT 4
| #define SIZEOF_UNSIGNED_INT 4
| #define SIZEOF_UNSIGNED_LONG 8
| #define SIZEOF_VOID_P 8
| /* end confdefs.h.  */
| #include <stdio.h>
| #ifdef HAVE_SYS_TYPES_H
| # include <sys/types.h>
| #endif
| #ifdef HAVE_SYS_STAT_H
| # include <sys/stat.h>
| #endif
| #ifdef STDC_HEADERS
| # include <stdlib.h>
| # include <stddef.h>
| #else
| # ifdef HAVE_STDLIB_H
| #  include <stdlib.h>
| # endif
| #endif
| #ifdef HAVE_STRING_H
| # if !defined STDC_HEADERS && defined HAVE_MEMORY_H
| #  include <memory.h>
| # endif
| # include <string.h>
| #endif
| #ifdef HAVE_STRINGS_H
| # include <strings.h>
| #endif
| #ifdef HAVE_INTTYPES_H
| # include <inttypes.h>
| #endif
| #ifdef HAVE_STDINT_H
| # include <stdint.h>
| #endif
| #ifdef HAVE_UNISTD_H
| # include <unistd.h>
| #endif
|     typedef float float4 __attribute__((vector_size (4 * sizeof(float))));
| int
| main ()
| {
| float4 a;
|     a[0] = a[1] = a[2] = a[3] = (float) rand();
|     a *= (float) 3;
|     printf("%f\n", a[0]);
|   ;
|   return 0;
| }
configure:5873: result: no
configure:5876: checking for usable ext_vector_type vector types
configure:5893: gcc -W -Wall -c -g -O2  conftest.c >&5
conftest.c:75: warning: 'ext_vector_type' attribute directive ignored
conftest.c: In function 'main':
conftest.c:80: error: subscripted value is neither array nor pointer
conftest.c:80: error: subscripted value is neither array nor pointer
conftest.c:80: error: subscripted value is neither array nor pointer
conftest.c:80: error: subscripted value is neither array nor pointer
conftest.c:82: error: subscripted value is neither array nor pointer
configure:5893: $? = 1
configure: failed program was:
| /* confdefs.h */
| #define PACKAGE_NAME "gifsicle"
| #define PACKAGE_TARNAME "gifsicle"
| #define PACKAGE_VERSION "1.92"
| #define PACKAGE_STRING "gifsicle 1.92"
| #define PACKAGE_BUGREPORT ""
| #define PACKAGE_URL ""
| #define PACKAGE "gifsicle"
| #define VERSION "1.92"
| #define STDC_HEADERS 1
| #define HAVE_SYS_TYPES_H 1
| #define HAVE_SYS_STAT_H 1
| #define HAVE_STDLIB_H 1
| #define HAVE_STRING_H 1
| #define HAVE_MEMORY_H 1
| #define HAVE_STRINGS_H 1
| #define HAVE_INTTYPES_H 1
| #define HAVE_STDINT_H 1
| #define HAVE_UNISTD_H 1
| #define HAVE_TIME_H 1
| #define HAVE_SYS_TIME_H 1
| #define GETTIMEOFDAY_PROTO 2
| #define RANDOM random
| #define HAVE_STRERROR 1
| #define HAVE_STRTOUL 1
| #define HAVE_MKSTEMP 1
| #define HAVE_POW 1
| #define HAVE_SYS_SELECT_H 1
| #define HAVE_SYS_STAT_H 1
| #define HAVE_INTTYPES_H 1
| #define HAVE_UNISTD_H 1
| #define HAVE_INTTYPES_H 1
| #define HAVE_SYS_TYPES_H 1
| #define HAVE_UINTPTR_T 1
| #define HAVE_INT64_T 1
| #define HAVE_UINT64_T 1
| #define SIZEOF_FLOAT 4
| #define SIZEOF_UNSIGNED_INT 4
| #define SIZEOF_UNSIGNED_LONG 8
| #define SIZEOF_VOID_P 8
| /* end confdefs.h.  */
| #include <stdio.h>
| #ifdef HAVE_SYS_TYPES_H
| # include <sys/types.h>
| #endif
| #ifdef HAVE_SYS_STAT_H
| # include <sys/stat.h>
| #endif
| #ifdef STDC_HEADERS
| # include <stdlib.h>
| # include <stddef.h>
| #else
| # ifdef HAVE_STDLIB_H
| #  include <stdlib.h>
| # endif
| #endif
| #ifdef HAVE_STRING_H
| # if !defined STDC_HEADERS && defined HAVE_MEMORY_H
| #  include <memory.h>
| # endif
| # include <string.h>
| #endif
| #ifdef HAVE_STRINGS_H
| # include <strings.h>
| #endif
| #ifdef HAVE_INTTYPES_H
| # include <inttypes.h>
| #endif
| #ifdef HAVE_STDINT_H
| # include <stdint.h>
| #endif
| #ifdef HAVE_UNISTD_H
| # include <unistd.h>
| #endif
|     typedef float float4 __attribute__((ext_vector_type (4)));
| int
| main ()
| {
| float4 a;
|     a[0] = a[1] = a[2] = a[3] = (float) rand();
|     a *= (float) 3;
|     printf("%f\n", a[0]);
|   ;
|   return 0;
| }
configure:5902: result: no
configure:5905: checking for __builtin_shufflevector
configure:5922: gcc -W -Wall -c -g -O2  conftest.c >&5
conftest.c:75: warning: 'ext_vector_type' attribute directive ignored
conftest.c: In function 'main':
conftest.c:80: error: subscripted value is neither array nor pointer
conftest.c:80: error: subscripted value is neither array nor pointer
conftest.c:80: error: subscripted value is neither array nor pointer
conftest.c:80: error: subscripted value is neither array nor pointer
conftest.c:81: warning: implicit declaration of function '__builtin_shufflevector'
conftest.c:82: error: subscripted value is neither array nor pointer
configure:5922: $? = 1
configure: failed program was:
| /* confdefs.h */
| #define PACKAGE_NAME "gifsicle"
| #define PACKAGE_TARNAME "gifsicle"
| #define PACKAGE_VERSION "1.92"
| #define PACKAGE_STRING "gifsicle 1.92"
| #define PACKAGE_BUGREPORT ""
| #define PACKAGE_URL ""
| #define PACKAGE "gifsicle"
| #define VERSION "1.92"
| #define STDC_HEADERS 1
| #define HAVE_SYS_TYPES_H 1
| #define HAVE_SYS_STAT_H 1
| #define HAVE_STDLIB_H 1
| #define HAVE_STRING_H 1
| #define HAVE_MEMORY_H 1
| #define HAVE_STRINGS_H 1
| #define HAVE_INTTYPES_H 1
| #define HAVE_STDINT_H 1
| #define HAVE_UNISTD_H 1
| #define HAVE_TIME_H 1
| #define HAVE_SYS_TIME_H 1
| #define GETTIMEOFDAY_PROTO 2
| #define RANDOM random
| #define HAVE_STRERROR 1
| #define HAVE_STRTOUL 1
| #define HAVE_MKSTEMP 1
| #define HAVE_POW 1
| #define HAVE_SYS_SELECT_H 1
| #define HAVE_SYS_STAT_H 1
| #define HAVE_INTTYPES_H 1
| #define HAVE_UNISTD_H 1
| #define HAVE_INTTYPES_H 1
| #define HAVE_SYS_TYPES_H 1
| #define HAVE_UINTPTR_T 1
| #define HAVE_INT64_T 1
| #define HAVE_UINT64_T 1
| #define SIZEOF_FLOAT 4
| #define SIZEOF_UNSIGNED_INT 4
| #define SIZEOF_UNSIGNED_LONG 8
| #define SIZEOF_VOID_P 8
| /* end confdefs.h.  */
| #include <stdio.h>
| #ifdef HAVE_SYS_TYPES_H
| # include <sys/types.h>
| #endif
| #ifdef HAVE_SYS_STAT_H
| # include <sys/stat.h>
| #endif
| #ifdef STDC_HEADERS
| # include <stdlib.h>
| # include <stddef.h>
| #else
| # ifdef HAVE_STDLIB_H
| #  include <stdlib.h>
| # endif
| #endif
| #ifdef HAVE_STRING_H
| # if !defined STDC_HEADERS && defined HAVE_MEMORY_H
| #  include <memory.h>
| # endif
| # include <string.h>
| #endif
| #ifdef HAVE_STRINGS_H
| # include <strings.h>
| #endif
| #ifdef HAVE_INTTYPES_H
| # include <inttypes.h>
| #endif
| #ifdef HAVE_STDINT_H
| # include <stdint.h>
| #endif
| #ifdef HAVE_UNISTD_H
| # include <unistd.h>
| #endif
|     typedef float float4 __attribute__((ext_vector_type (4)));
| int
| main ()
| {
| float4 a;
|     a[0] = a[1] = a[2] = a[3] = (float) rand();
|     a = __builtin_shufflevector(a, a, 3, 2, 1, 0);
|     printf("%f\n", a[0]);
|   ;
|   return 0;
| }
configure:5931: result: no
configure:5946: WARNING:
Not using SIMD since your compiler's support for SIMD types is inadequate.

configure:5965: checking for library containing pthread_create
configure:5996: gcc -W -Wall -o conftest -g -O2   conftest.c -lm  >&5
/tmp/ccGlD4ox.o: In function `main':
/www/cms.coenv.uw.edu/wp-content/ewww/gifsicle-1.92/conftest.c:53: undefined reference to `pthread_create'
collect2: ld returned 1 exit status
configure:5996: $? = 1
configure: failed program was:
| /* confdefs.h */
| #define PACKAGE_NAME "gifsicle"
| #define PACKAGE_TARNAME "gifsicle"
| #define PACKAGE_VERSION "1.92"
| #define PACKAGE_STRING "gifsicle 1.92"
| #define PACKAGE_BUGREPORT ""
| #define PACKAGE_URL ""
| #define PACKAGE "gifsicle"
| #define VERSION "1.92"
| #define STDC_HEADERS 1
| #define HAVE_SYS_TYPES_H 1
| #define HAVE_SYS_STAT_H 1
| #define HAVE_STDLIB_H 1
| #define HAVE_STRING_H 1
| #define HAVE_MEMORY_H 1
| #define HAVE_STRINGS_H 1
| #define HAVE_INTTYPES_H 1
| #define HAVE_STDINT_H 1
| #define HAVE_UNISTD_H 1
| #define HAVE_TIME_H 1
| #define HAVE_SYS_TIME_H 1
| #define GETTIMEOFDAY_PROTO 2
| #define RANDOM random
| #define HAVE_STRERROR 1
| #define HAVE_STRTOUL 1
| #define HAVE_MKSTEMP 1
| #define HAVE_POW 1
| #define HAVE_SYS_SELECT_H 1
| #define HAVE_SYS_STAT_H 1
| #define HAVE_INTTYPES_H 1
| #define HAVE_UNISTD_H 1
| #define HAVE_INTTYPES_H 1
| #define HAVE_SYS_TYPES_H 1
| #define HAVE_UINTPTR_T 1
| #define HAVE_INT64_T 1
| #define HAVE_UINT64_T 1
| #define SIZEOF_FLOAT 4
| #define SIZEOF_UNSIGNED_INT 4
| #define SIZEOF_UNSIGNED_LONG 8
| #define SIZEOF_VOID_P 8
| /* end confdefs.h.  */
| 
| /* Override any GCC internal prototype to avoid an error.
|    Use char because int might match the return type of a GCC
|    builtin and then its argument prototype would still apply.  */
| #ifdef __cplusplus
| extern "C"
| #endif
| char pthread_create ();
| int
| main ()
| {
| return pthread_create ();
|   ;
|   return 0;
| }
configure:5996: gcc -W -Wall -o conftest -g -O2   conftest.c -lpthread  -lm  >&5
configure:5996: $? = 0
configure:6013: result: -lpthread
configure:6023: checking for __sync_add_and_fetch
configure:6037: gcc -W -Wall -c -g -O2  conftest.c >&5
configure:6037: $? = 0
configure:6046: result: yes
configure:6197: checking that generated files are newer than configure
configure:6203: result: done
configure:6226: creating ./config.status

## ---------------------- ##
## Running config.status. ##
## ---------------------- ##

This file was extended by gifsicle config.status 1.92, which was
generated by GNU Autoconf 2.69.  Invocation command line was

  CONFIG_FILES    = 
  CONFIG_HEADERS  = 
  CONFIG_LINKS    = 
  CONFIG_COMMANDS = 
  $ ./config.status 

on coenv-pub1.s.uw.edu

config.status:886: creating Makefile
config.status:886: creating src/Makefile
config.status:886: creating config.h
config.status:1115: executing depfiles commands
config.status:1192: cd src       && sed -e '/# am--include-marker/d' Makefile         | make -f - am--depfiles
config.status:1197: $? = 0

## ---------------- ##
## Cache variables. ##
## ---------------- ##

ac_cv___builtin_shufflevector=no
ac_cv_c_compiler_gnu=yes
ac_cv_c_const=yes
ac_cv_c_inline=inline
ac_cv_env_CC_set=
ac_cv_env_CC_value=
ac_cv_env_CFLAGS_set=
ac_cv_env_CFLAGS_value=
ac_cv_env_CPPFLAGS_set=
ac_cv_env_CPPFLAGS_value=
ac_cv_env_CPP_set=
ac_cv_env_CPP_value=
ac_cv_env_LDFLAGS_set=
ac_cv_env_LDFLAGS_value=
ac_cv_env_LIBS_set=
ac_cv_env_LIBS_value=
ac_cv_env_XMKMF_set=
ac_cv_env_XMKMF_value=
ac_cv_env_build_alias_set=
ac_cv_env_build_alias_value=
ac_cv_env_host_alias_set=
ac_cv_env_host_alias_value=
ac_cv_env_target_alias_set=
ac_cv_env_target_alias_value=
ac_cv_ext_vector_type_vector_types=no
ac_cv_func_connect=yes
ac_cv_func_gethostbyname=yes
ac_cv_func_mkstemp=yes
ac_cv_func_random=yes
ac_cv_func_remove=yes
ac_cv_func_shmat=yes
ac_cv_func_strerror=yes
ac_cv_func_strtoul=yes
ac_cv_gettimeofday=2
ac_cv_have_x='have_x=yes	ac_x_includes='\'''\''	ac_x_libraries='\'''\'''
ac_cv_header_inttypes_h=yes
ac_cv_header_memory_h=yes
ac_cv_header_stdc=yes
ac_cv_header_stdint_h=yes
ac_cv_header_stdlib_h=yes
ac_cv_header_string_h=yes
ac_cv_header_strings_h=yes
ac_cv_header_sys_select_h=yes
ac_cv_header_sys_stat_h=yes
ac_cv_header_sys_time_h=yes
ac_cv_header_sys_types_h=yes
ac_cv_header_time_h=yes
ac_cv_header_unistd_h=yes
ac_cv_lib_ICE_IceConnectionNumber=yes
ac_cv_objext=o
ac_cv_path_EGREP='/bin/grep -E'
ac_cv_path_GREP=/bin/grep
ac_cv_path_install='/usr/bin/install -c'
ac_cv_path_mkdir=/bin/mkdir
ac_cv_prog_AWK=gawk
ac_cv_prog_CPP='gcc -E'
ac_cv_prog_ac_ct_CC=gcc
ac_cv_prog_cc_c89=
ac_cv_prog_cc_g=yes
ac_cv_prog_make_make_set=yes
ac_cv_search_pow=-lm
ac_cv_search_pthread_create=-lpthread
ac_cv_sizeof_float=4
ac_cv_sizeof_unsigned_int=4
ac_cv_sizeof_unsigned_long=8
ac_cv_sizeof_void_p=8
ac_cv_type_int64_t=yes
ac_cv_type_uint64_t=yes
ac_cv_type_uintptr_t=yes
ac_cv_vector_size_vector_types=no
am_cv_CC_dependencies_compiler_type=gcc3
am_cv_make_support_nested_variables=yes
am_cv_prog_cc_c_o=yes

## ----------------- ##
## Output variables. ##
## ----------------- ##

ACLOCAL='${SHELL} /www/cms.coenv.uw.edu/wp-content/ewww/gifsicle-1.92/missing aclocal-1.16'
AMDEPBACKSLASH='\'
AMDEP_FALSE='#'
AMDEP_TRUE=''
AMTAR='$${TAR-tar}'
AM_BACKSLASH='\'
AM_DEFAULT_V='$(AM_DEFAULT_VERBOSITY)'
AM_DEFAULT_VERBOSITY='1'
AM_V='$(V)'
AUTOCONF='${SHELL} /www/cms.coenv.uw.edu/wp-content/ewww/gifsicle-1.92/missing autoconf'
AUTOHEADER='${SHELL} /www/cms.coenv.uw.edu/wp-content/ewww/gifsicle-1.92/missing autoheader'
AUTOMAKE='${SHELL} /www/cms.coenv.uw.edu/wp-content/ewww/gifsicle-1.92/missing automake-1.16'
AWK='gawk'
CC='gcc -W -Wall'
CCDEPMODE='depmode=gcc3'
CFLAGS='-g -O2'
CPP='gcc -E'
CPPFLAGS=''
CYGPATH_W='echo'
DEFS='-DHAVE_CONFIG_H'
DEPDIR='.deps'
ECHO_C=''
ECHO_N='-n'
ECHO_T=''
EGREP='/bin/grep -E'
EXEEXT=''
GIFWRITE_O='gifwrite.o'
GREP='/bin/grep'
INSTALL_DATA='${INSTALL} -m 644'
INSTALL_PROGRAM='${INSTALL}'
INSTALL_SCRIPT='${INSTALL}'
INSTALL_STRIP_PROGRAM='$(install_sh) -c -s'
LDFLAGS=''
LIBOBJS=''
LIBS='-lpthread -lm '
LTLIBOBJS=''
MAKEINFO='${SHELL} /www/cms.coenv.uw.edu/wp-content/ewww/gifsicle-1.92/missing makeinfo'
MKDIR_P='/bin/mkdir -p'
OBJEXT='o'
OTHERMANS=' gifview.1 gifdiff.1'
OTHERPROGRAMS=' gifview$(EXEEXT) gifdiff$(EXEEXT)'
PACKAGE='gifsicle'
PACKAGE_BUGREPORT=''
PACKAGE_NAME='gifsicle'
PACKAGE_STRING='gifsicle 1.92'
PACKAGE_TARNAME='gifsicle'
PACKAGE_URL=''
PACKAGE_VERSION='1.92'
PATH_SEPARATOR=':'
SET_MAKE=''
SHELL='/bin/sh'
STRIP=''
VERSION='1.92'
WERROR=''
XMKMF=''
X_CFLAGS=''
X_EXTRA_LIBS=''
X_LIBS=''
X_PRE_LIBS=' -lSM -lICE'
ac_ct_CC='gcc'
am__EXEEXT_FALSE=''
am__EXEEXT_TRUE='#'
am__fastdepCC_FALSE='#'
am__fastdepCC_TRUE=''
am__include='include'
am__isrc=''
am__leading_dot='.'
am__nodep='_no'
am__quote=''
am__tar='$${TAR-tar} chof - "$$tardir"'
am__untar='$${TAR-tar} xf -'
bindir='${exec_prefix}/bin'
build_alias=''
datadir='${datarootdir}'
datarootdir='${prefix}/share'
docdir='${datarootdir}/doc/${PACKAGE_TARNAME}'
dvidir='${docdir}'
exec_prefix='${prefix}'
host_alias=''
htmldir='${docdir}'
includedir='${prefix}/include'
infodir='${datarootdir}/info'
install_sh='${SHELL} /www/cms.coenv.uw.edu/wp-content/ewww/gifsicle-1.92/install-sh'
libdir='${exec_prefix}/lib'
libexecdir='${exec_prefix}/libexec'
localedir='${datarootdir}/locale'
localstatedir='${prefix}/var'
mandir='${datarootdir}/man'
mkdir_p='$(MKDIR_P)'
oldincludedir='/usr/include'
pdfdir='${docdir}'
prefix='/usr/local'
program_transform_name='s,x,x,'
psdir='${docdir}'
sbindir='${exec_prefix}/sbin'
sharedstatedir='${prefix}/com'
sysconfdir='${prefix}/etc'
target_alias=''

## ----------- ##
## confdefs.h. ##
## ----------- ##

/* confdefs.h */
#define PACKAGE_NAME "gifsicle"
#define PACKAGE_TARNAME "gifsicle"
#define PACKAGE_VERSION "1.92"
#define PACKAGE_STRING "gifsicle 1.92"
#define PACKAGE_BUGREPORT ""
#define PACKAGE_URL ""
#define PACKAGE "gifsicle"
#define VERSION "1.92"
#define STDC_HEADERS 1
#define HAVE_SYS_TYPES_H 1
#define HAVE_SYS_STAT_H 1
#define HAVE_STDLIB_H 1
#define HAVE_STRING_H 1
#define HAVE_MEMORY_H 1
#define HAVE_STRINGS_H 1
#define HAVE_INTTYPES_H 1
#define HAVE_STDINT_H 1
#define HAVE_UNISTD_H 1
#define HAVE_TIME_H 1
#define HAVE_SYS_TIME_H 1
#define GETTIMEOFDAY_PROTO 2
#define RANDOM random
#define HAVE_STRERROR 1
#define HAVE_STRTOUL 1
#define HAVE_MKSTEMP 1
#define HAVE_POW 1
#define HAVE_SYS_SELECT_H 1
#define HAVE_SYS_STAT_H 1
#define HAVE_INTTYPES_H 1
#define HAVE_UNISTD_H 1
#define HAVE_INTTYPES_H 1
#define HAVE_SYS_TYPES_H 1
#define HAVE_UINTPTR_T 1
#define HAVE_INT64_T 1
#define HAVE_UINT64_T 1
#define SIZEOF_FLOAT 4
#define SIZEOF_UNSIGNED_INT 4
#define SIZEOF_UNSIGNED_LONG 8
#define SIZEOF_VOID_P 8
#define HAVE___SYNC_ADD_AND_FETCH 1
#define ENABLE_THREADS 1
#define PATHNAME_SEPARATOR '/'

configure: exit 0
